// Jest Snapshot v1, https://goo.gl/fbAQLP

exports[`FocalPoint should render the focal point 1`] = `
<div>
  <div
    class="css-hwcl17"
    style="width: 32px; height: 32px; transform: translate3d(-8px, 12px, 0); top: 0px; left: 0px;"
  />
</div>
`;
