// Jest Snapshot v1, https://goo.gl/fbAQLP

exports[`Optimizely App should render the editor page 1`] = `
<div
  class="css-175t7kh"
  data-testid="editor-page"
>
  <div
    class="css-3p38p2"
  >
    <div
      class="css-xieh1a"
    >
      <svg
        class="Icon__Icon___38Epv css-uoder Icon__Icon--small___1yGZK Icon__Icon--muted___3egnD"
        data-test-id="cf-ui-icon"
        height="18"
        viewBox="0 0 24 24"
        width="18"
        xmlns="http://www.w3.org/2000/svg"
      >
        <path
          d="M0 0h24v24H0z"
          fill="none"
        />
        <path
          d="M12 2C6.48 2 2 6.48 2 12s4.48 10 10 10 10-4.48 10-10S17.52 2 12 2zm1 15h-2v-6h2v6zm0-8h-2V7h2v2z"
        />
      </svg>
      <span>
        Select experiment
      </span>
    </div>
    <svg
      class="Icon__Icon___38Epv css-13af3fo Icon__Icon--small___1yGZK Icon__Icon--muted___3egnD"
      data-test-id="cf-ui-icon"
      height="18"
      viewBox="0 0 24 24"
      width="18"
      xmlns="http://www.w3.org/2000/svg"
    >
      <path
        d="M10 6L8.59 7.41 13.17 12l-4.58 4.59L10 18l6-6z"
      />
      <path
        d="M0 0h24v24H0z"
        fill="none"
      />
    </svg>
    <div
      class="css-xieh1a"
    >
      <svg
        class="Icon__Icon___38Epv css-uoder Icon__Icon--small___1yGZK Icon__Icon--muted___3egnD"
        data-test-id="cf-ui-icon"
        height="18"
        viewBox="0 0 24 24"
        width="18"
        xmlns="http://www.w3.org/2000/svg"
      >
        <path
          d="M0 0h24v24H0z"
          fill="none"
        />
        <path
          d="M12 2C6.48 2 2 6.48 2 12s4.48 10 10 10 10-4.48 10-10S17.52 2 12 2zm1 15h-2v-6h2v6zm0-8h-2V7h2v2z"
        />
      </svg>
      <span>
        Add content
      </span>
    </div>
    <svg
      class="Icon__Icon___38Epv css-13af3fo Icon__Icon--small___1yGZK Icon__Icon--muted___3egnD"
      data-test-id="cf-ui-icon"
      height="18"
      viewBox="0 0 24 24"
      width="18"
      xmlns="http://www.w3.org/2000/svg"
    >
      <path
        d="M10 6L8.59 7.41 13.17 12l-4.58 4.59L10 18l6-6z"
      />
      <path
        d="M0 0h24v24H0z"
        fill="none"
      />
    </svg>
    <div
      class="css-xieh1a"
    >
      <svg
        class="Icon__Icon___38Epv css-uoder Icon__Icon--small___1yGZK Icon__Icon--muted___3egnD"
        data-test-id="cf-ui-icon"
        height="18"
        viewBox="0 0 24 24"
        width="18"
        xmlns="http://www.w3.org/2000/svg"
      >
        <path
          d="M0 0h24v24H0z"
          fill="none"
        />
        <path
          d="M12 2C6.48 2 2 6.48 2 12s4.48 10 10 10 10-4.48 10-10S17.52 2 12 2zm1 15h-2v-6h2v6zm0-8h-2V7h2v2z"
        />
      </svg>
      <span>
        Publish variations
      </span>
    </div>
    <svg
      class="Icon__Icon___38Epv css-13af3fo Icon__Icon--small___1yGZK Icon__Icon--muted___3egnD"
      data-test-id="cf-ui-icon"
      height="18"
      viewBox="0 0 24 24"
      width="18"
      xmlns="http://www.w3.org/2000/svg"
    >
      <path
        d="M10 6L8.59 7.41 13.17 12l-4.58 4.59L10 18l6-6z"
      />
      <path
        d="M0 0h24v24H0z"
        fill="none"
      />
    </svg>
    <div
      class="css-xieh1a"
    >
      <svg
        class="Icon__Icon___38Epv css-uoder Icon__Icon--small___1yGZK Icon__Icon--muted___3egnD"
        data-test-id="cf-ui-icon"
        height="18"
        viewBox="0 0 24 24"
        width="18"
        xmlns="http://www.w3.org/2000/svg"
      >
        <path
          d="M0 0h24v24H0z"
          fill="none"
        />
        <path
          d="M12 2C6.48 2 2 6.48 2 12s4.48 10 10 10 10-4.48 10-10S17.52 2 12 2zm1 15h-2v-6h2v6zm0-8h-2V7h2v2z"
        />
      </svg>
      <span>
        Start experiment
      </span>
    </div>
  </div>
  <hr
    class="css-14380qe"
  />
  <button
    class="Button__Button___1ZfFj a11y__focus-border--default___60AXp Button__Button--primary___JImeO"
    data-test-id="cf-ui-button"
    data-testid="connect-button"
    type="button"
  >
    <span
      class="TabFocusTrap__TabFocusTrap___39Vty Button__Button__inner-wrapper___3qrNC"
      tabindex="-1"
    >
      <span
        class="Button__Button__label___3tcOj"
      >
        <div
          class="css-70qvj9"
        >
          <svg
            data-name="Layer 1"
            height="40"
            id="Layer_1"
            viewBox="40 40"
            width="40"
          >
            <path
              d="M25.5,12.77a7.65,7.65,0,0,0-1.91,3.28,7.31,7.31,0,0,0-5.41,7l5.15-5.15c0,.44,0,.89.09,1.38l-5.1,5.15a7.44,7.44,0,0,0,.75,2.17l3.28-3.28a3.24,3.24,0,0,1,.89-2.4,4.7,4.7,0,0,1,.53-.44h0a7.24,7.24,0,0,0,4.3,4.3h0a3.05,3.05,0,0,1-2.8,1.46L22,29.55a7.44,7.44,0,0,0,2.17.75l5.19-5.15a6.89,6.89,0,0,0,1.38.13l-5.19,5.1a7.31,7.31,0,0,0,7-5.41,7.28,7.28,0,1,0-3.77-14.07A7,7,0,0,0,25.5,12.77Zm7.37,7.37a3.11,3.11,0,1,1,0-4.44,3.19,3.19,0,0,1,0,4.44Z"
              style="fill: #fff;"
            />
            <path
              d="M23.28,25.33a3.76,3.76,0,0,1-.62-.84l-3.06,3,.67.8c.27.27.53.49.8.71l3-3Z"
              style="fill: #fff;"
            />
          </svg>
          Â  Connect with Optimizely
        </div>
      </span>
    </span>
  </button>
  <h2
    class="Heading__Heading___83D3K css-1fobf8d"
    data-test-id="cf-ui-heading"
  >
    Referenced in:
  </h2>
  <div
    class="css-1y5g446"
  >
    <svg
      aria-label="Loading component..."
      class="SkeletonContainer__SkeletonContainer___23jiu"
      data-test-id="cf-ui-skeleton-form"
      height="30px"
      preserveAspectRatio="xMidYMid meet"
      role="img"
      width="100%"
    >
      <title>
        Loading component...
      </title>
      <rect
        clip-path="url(#references-section)"
        height="100%"
        style="fill: url(#cf-ui-skeleton-clip-gradient);"
        width="100%"
        x="0"
        y="0"
      />
      <defs>
        <clippath
          id="references-section"
        >
          <rect
            height="16"
            rx="0"
            ry="0"
            width="100%"
            x="0"
            y="0"
          />
        </clippath>
        <lineargradient
          id="cf-ui-skeleton-clip-gradient"
        >
          <stop
            offset="0%"
            stop-color="#e5ebed"
            stop-opacity="1"
          >
            <animate
              attributeName="stop-color"
              dur="2s"
              id="animation1"
              repeatCount="indefinite"
              values="#e5ebed; #f7f9fa; #e5ebed"
            />
          </stop>
          <stop
            offset="50%"
            stop-color="#f7f9fa"
            stop-opacity="1"
          >
            <animate
              attributeName="stop-color"
              begin="animation1.begin+0.25s"
              dur="2s"
              repeatCount="indefinite"
              values="#e5ebed; #f7f9fa; #e5ebed"
            />
          </stop>
          <stop
            offset="100%"
            stop-color="#e5ebed"
            stop-opacity="1"
          >
            <animate
              attributeName="stop-color"
              begin="animation1.begin+0.5s"
              dur="2s"
              repeatCount="indefinite"
              values="#e5ebed; #f7f9fa; #e5ebed"
            />
          </stop>
        </lineargradient>
      </defs>
    </svg>
  </div>
  <hr
    class="css-14380qe"
  />
  <h2
    class="Heading__Heading___83D3K css-1fobf8d"
    data-test-id="cf-ui-heading"
  >
    Experiment:
  </h2>
  <div
    class="SelectField__SelectField___kbQlf"
    data-test-id="cf-ui-select-field"
  >
    <div
      class="SelectField__SelectField__label-wrapper___3jGwo"
    >
      <label
        class="FormLabel__FormLabel___3d6zQ"
        data-test-id="cf-ui-form-label"
        for="experiment"
      >
        Optimizely experiment
        <span
          class="FormLabel__FormLabel__required-text___3mvdm"
        >
          (
          required
          )
        </span>
      </label>
    </div>
    <div
      class="Select__Select__wrapper___2pBIz Select__Select--large___1PgJW"
    >
      <select
        aria-label="experiment"
        class="Select__Select___31Z46 a11y__focus-border--default___60AXp Select__Select--disabled___3n58N"
        data-test-id="cf-ui-select"
        disabled=""
        id="experiment"
        name="experiment"
        required=""
      >
        <option
          data-test-id="cf-ui-select-option"
          value="-1"
        >
          Fetching experiments...
        </option>
      </select>
      <svg
        class="Icon__Icon___38Epv Select__Select__icon___boRAZ Icon__Icon--small___1yGZK Icon__Icon--muted___3egnD"
        data-test-id="cf-ui-icon"
        height="24"
        viewBox="0 0 24 24"
        width="24"
        xmlns="http://www.w3.org/2000/svg"
      >
        <path
          d="M7 10l5 5 5-5z"
        />
        <path
          d="M0 0h24v24H0z"
          fill="none"
        />
      </svg>
    </div>
  </div>
  <hr
    class="css-14380qe"
  />
  <h2
    class="Heading__Heading___83D3K"
    data-test-id="cf-ui-heading"
  >
    Variations:
  </h2>
  <div
    class="css-1pfvl5o"
  >
    <svg
      aria-label="Loading component..."
      class="SkeletonContainer__SkeletonContainer___23jiu"
      data-test-id="cf-ui-skeleton-form"
      height="100"
      preserveAspectRatio="xMidYMid meet"
      role="img"
      width="100%"
    >
      <title>
        Loading component...
      </title>
      <rect
        clip-path="url(#variations-section)"
        height="100%"
        style="fill: url(#cf-ui-skeleton-clip-gradient);"
        width="100%"
        x="0"
        y="0"
      />
      <defs>
        <clippath
          id="variations-section"
        >
          <rect
            height="16"
            rx="0"
            ry="0"
            width="100%"
            x="0"
            y="20"
          />
          <rect
            height="16"
            rx="0"
            ry="0"
            width="100%"
            x="0"
            y="44"
          />
          <rect
            height="16"
            rx="0"
            ry="0"
            width="80%"
            x="0"
            y="68"
          />
        </clippath>
        <lineargradient
          id="cf-ui-skeleton-clip-gradient"
        >
          <stop
            offset="0%"
            stop-color="#e5ebed"
            stop-opacity="1"
          >
            <animate
              attributeName="stop-color"
              dur="2s"
              id="animation1"
              repeatCount="indefinite"
              values="#e5ebed; #f7f9fa; #e5ebed"
            />
          </stop>
          <stop
            offset="50%"
            stop-color="#f7f9fa"
            stop-opacity="1"
          >
            <animate
              attributeName="stop-color"
              begin="animation1.begin+0.25s"
              dur="2s"
              repeatCount="indefinite"
              values="#e5ebed; #f7f9fa; #e5ebed"
            />
          </stop>
          <stop
            offset="100%"
            stop-color="#e5ebed"
            stop-opacity="1"
          >
            <animate
              attributeName="stop-color"
              begin="animation1.begin+0.5s"
              dur="2s"
              repeatCount="indefinite"
              values="#e5ebed; #f7f9fa; #e5ebed"
            />
          </stop>
        </lineargradient>
      </defs>
    </svg>
  </div>
</div>
`;

exports[`Optimizely App should render the incorrect type message 1`] = `
<div
  class="css-hvj582"
  data-testid="incorrect-type"
>
  <div
    class="Note__Note___2eSKN Note__Note--negative___3fkwL"
    data-test-id="cf-ui-note"
  >
    <div
      class="Note__Note__icon___20RqC"
    >
      <svg
        class="Icon__Icon___38Epv Icon__Icon--small___1yGZK Icon__Icon--negative___1dled"
        data-test-id="cf-ui-icon"
        height="18"
        viewBox="0 0 24 24"
        width="18"
        xmlns="http://www.w3.org/2000/svg"
      >
        <path
          d="M0 0h24v24H0z"
          fill="none"
        />
        <path
          d="M1 21h22L12 2 1 21zm12-3h-2v-2h2v2zm0-4h-2v-4h2v4z"
        />
      </svg>
    </div>
    <div>
      <div
        class="Note__Note__title___2nwpx"
      >
        Extension "undefined" cannot be assigned to this content type
      </div>
      <div>
        <div>
          <strong>
            Required:
          </strong>
           
          experimentTitle (Symbol), experimentId (Symbol), experimentKey (Symbol), meta (Object), variations (Array)
        </div>
        <div>
          <strong>
            Missing:
          </strong>
           
          experimentKey (Symbol)
        </div>
      </div>
    </div>
  </div>
</div>
`;

exports[`Optimizely App should render the missing project on the sidebar 1`] = `
<div
  class="css-hvj582"
  data-testid="missing-project"
>
  <div
    class="Note__Note___2eSKN Note__Note--negative___3fkwL"
    data-test-id="cf-ui-note"
  >
    <div
      class="Note__Note__icon___20RqC"
    >
      <svg
        class="Icon__Icon___38Epv Icon__Icon--small___1yGZK Icon__Icon--negative___1dled"
        data-test-id="cf-ui-icon"
        height="18"
        viewBox="0 0 24 24"
        width="18"
        xmlns="http://www.w3.org/2000/svg"
      >
        <path
          d="M0 0h24v24H0z"
          fill="none"
        />
        <path
          d="M1 21h22L12 2 1 21zm12-3h-2v-2h2v2zm0-4h-2v-4h2v4z"
        />
      </svg>
    </div>
    <div>
      <div>
        Please, set 
        <strong>
          Optimizely Project ID
        </strong>
         in Extension settings.
      </div>
    </div>
  </div>
</div>
`;

exports[`Optimizely App should render the sidebar 1`] = `
<div
  data-testid="sidebar"
>
  <a
    class="Button__Button___1ZfFj a11y__focus-border--default___60AXp css-82qlwu Button__Button--primary___JImeO Button__Button--full-width___3Fmpo"
    data-test-id="cf-ui-button"
    data-testid="view-experiment"
    href="https://app.optimizely.com/v2/projects/123/experiments/exp123/variations"
    target="_blank"
    type="button"
  >
    <span
      class="TabFocusTrap__TabFocusTrap___39Vty Button__Button__inner-wrapper___3qrNC"
      tabindex="-1"
    >
      <span
        class="Button__Button__label___3tcOj"
      >
        View in Optimizely
      </span>
    </span>
  </a>
  <a
    class="Button__Button___1ZfFj a11y__focus-border--default___60AXp css-82qlwu Button__Button--muted___2Wair Button__Button--full-width___3Fmpo"
    data-test-id="cf-ui-button"
    data-testid="view-all"
    href="https://app.optimizely.com/v2/projects/123/experiments"
    target="_blank"
    type="button"
  >
    <span
      class="TabFocusTrap__TabFocusTrap___39Vty Button__Button__inner-wrapper___3qrNC"
      tabindex="-1"
    >
      <span
        class="Button__Button__label___3tcOj"
      >
        View all experiments
      </span>
    </span>
  </a>
</div>
`;
