// Jest Snapshot v1, https://goo.gl/fbAQLP

exports[`EditorPage should show the experiment data when loaded 1`] = `
<div>
  <div
    class="css-175t7kh"
    data-test-id="editor-page"
  >
    <div
      class="css-3p38p2"
    >
      <div
        class="css-xieh1a"
      >
        <svg
          class="Icon__Icon___38Epv css-uoder Icon__Icon--small___1yGZK Icon__Icon--positive___1V4nP"
          data-test-id="cf-ui-icon"
          height="18"
          viewBox="0 0 24 24"
          width="18"
          xmlns="http://www.w3.org/2000/svg"
        >
          <path
            d="M0 0h24v24H0z"
            fill="none"
          />
          <path
            d="M12 2C6.48 2 2 6.48 2 12s4.48 10 10 10 10-4.48 10-10S17.52 2 12 2zm-2 15l-5-5 1.41-1.41L10 14.17l7.59-7.59L19 8l-9 9z"
          />
        </svg>
        <span>
          Select experiment
        </span>
      </div>
      <svg
        class="Icon__Icon___38Epv css-13af3fo Icon__Icon--small___1yGZK Icon__Icon--muted___3egnD"
        data-test-id="cf-ui-icon"
        height="18"
        viewBox="0 0 24 24"
        width="18"
        xmlns="http://www.w3.org/2000/svg"
      >
        <path
          d="M10 6L8.59 7.41 13.17 12l-4.58 4.59L10 18l6-6z"
        />
        <path
          d="M0 0h24v24H0z"
          fill="none"
        />
      </svg>
      <div
        class="css-xieh1a"
      >
        <svg
          class="Icon__Icon___38Epv css-uoder Icon__Icon--small___1yGZK Icon__Icon--muted___3egnD"
          data-test-id="cf-ui-icon"
          height="18"
          viewBox="0 0 24 24"
          width="18"
          xmlns="http://www.w3.org/2000/svg"
        >
          <path
            d="M0 0h24v24H0z"
            fill="none"
          />
          <path
            d="M12 2C6.48 2 2 6.48 2 12s4.48 10 10 10 10-4.48 10-10S17.52 2 12 2zm1 15h-2v-6h2v6zm0-8h-2V7h2v2z"
          />
        </svg>
        <span>
          Add content
        </span>
      </div>
      <svg
        class="Icon__Icon___38Epv css-13af3fo Icon__Icon--small___1yGZK Icon__Icon--muted___3egnD"
        data-test-id="cf-ui-icon"
        height="18"
        viewBox="0 0 24 24"
        width="18"
        xmlns="http://www.w3.org/2000/svg"
      >
        <path
          d="M10 6L8.59 7.41 13.17 12l-4.58 4.59L10 18l6-6z"
        />
        <path
          d="M0 0h24v24H0z"
          fill="none"
        />
      </svg>
      <div
        class="css-xieh1a"
      >
        <svg
          class="Icon__Icon___38Epv css-uoder Icon__Icon--small___1yGZK Icon__Icon--muted___3egnD"
          data-test-id="cf-ui-icon"
          height="18"
          viewBox="0 0 24 24"
          width="18"
          xmlns="http://www.w3.org/2000/svg"
        >
          <path
            d="M0 0h24v24H0z"
            fill="none"
          />
          <path
            d="M12 2C6.48 2 2 6.48 2 12s4.48 10 10 10 10-4.48 10-10S17.52 2 12 2zm1 15h-2v-6h2v6zm0-8h-2V7h2v2z"
          />
        </svg>
        <span>
          Publish variations
        </span>
      </div>
      <svg
        class="Icon__Icon___38Epv css-13af3fo Icon__Icon--small___1yGZK Icon__Icon--muted___3egnD"
        data-test-id="cf-ui-icon"
        height="18"
        viewBox="0 0 24 24"
        width="18"
        xmlns="http://www.w3.org/2000/svg"
      >
        <path
          d="M10 6L8.59 7.41 13.17 12l-4.58 4.59L10 18l6-6z"
        />
        <path
          d="M0 0h24v24H0z"
          fill="none"
        />
      </svg>
      <div
        class="css-xieh1a"
      >
        <svg
          class="Icon__Icon___38Epv css-uoder Icon__Icon--small___1yGZK Icon__Icon--positive___1V4nP"
          data-test-id="cf-ui-icon"
          height="18"
          viewBox="0 0 24 24"
          width="18"
          xmlns="http://www.w3.org/2000/svg"
        >
          <path
            d="M0 0h24v24H0z"
            fill="none"
          />
          <path
            d="M12 2C6.48 2 2 6.48 2 12s4.48 10 10 10 10-4.48 10-10S17.52 2 12 2zm-2 15l-5-5 1.41-1.41L10 14.17l7.59-7.59L19 8l-9 9z"
          />
        </svg>
        <span>
          Start experiment
        </span>
      </div>
    </div>
    <hr
      class="css-14380qe"
    />
    <h2
      class="Heading__Heading___83D3K css-1fobf8d"
      data-test-id="cf-ui-heading"
    >
      Referenced in:
    </h2>
    <div
      class="css-1y5g446"
    >
      <p
        class="Paragraph__Paragraph___2aO-9 css-acwcvw"
        data-test-id="cf-ui-paragraph"
      >
        No other entries link to this entry.
      </p>
    </div>
    <hr
      class="css-14380qe"
    />
    <h2
      class="Heading__Heading___83D3K css-1fobf8d"
      data-test-id="cf-ui-heading"
    >
      Experiment:
    </h2>
    <div
      class="SelectField__SelectField___kbQlf"
      data-test-id="cf-ui-select-field"
    >
      <div
        class="SelectField__SelectField__label-wrapper___3jGwo"
      >
        <label
          class="FormLabel__FormLabel___3d6zQ"
          data-test-id="cf-ui-form-label"
          for="experiment"
        >
          Optimizely experiment
          <span
            class="FormLabel__FormLabel__required-text___3mvdm"
          >
            (
            required
            )
          </span>
        </label>
      </div>
      <div
        class="Select__Select__wrapper___2pBIz Select__Select--large___1PgJW"
      >
        <select
          aria-label="experiment"
          class="Select__Select___31Z46 a11y__focus-border--default___60AXp"
          data-test-id="cf-ui-select"
          id="experiment"
          name="experiment"
          required=""
        >
          <option
            data-test-id="cf-ui-select-option"
            value="-1"
          >
            Select Optimizely experiment
          </option>
          <option
            data-test-id="cf-ui-select-option"
            value="15049730511"
          >
            landing-page-hero (running)
          </option>
        </select>
        <svg
          class="Icon__Icon___38Epv Select__Select__icon___boRAZ Icon__Icon--small___1yGZK Icon__Icon--muted___3egnD"
          data-test-id="cf-ui-icon"
          height="24"
          viewBox="0 0 24 24"
          width="24"
          xmlns="http://www.w3.org/2000/svg"
        >
          <path
            d="M7 10l5 5 5-5z"
          />
          <path
            d="M0 0h24v24H0z"
            fill="none"
          />
        </svg>
      </div>
    </div>
    
    <hr
      class="css-14380qe"
    />
    <h2
      class="Heading__Heading___83D3K"
      data-test-id="cf-ui-heading"
    >
      Variations:
    </h2>
    <div
      class="css-1pfvl5o"
    >
      <p
        class="Paragraph__Paragraph___2aO-9"
        data-test-id="cf-ui-paragraph"
      >
        Content created in this experiment is only available for this experiment.
      </p>
      <div
        class="css-i51og3"
      >
        <h2
          class="Subheading__Subheading___2mA9j css-f6z6nw"
          data-test-id="cf-ui-subheading"
        >
          variation_1
           
          <small>
            (
            50
            % of traffic)
          </small>
        </h2>
        <div
          class="css-15g2oxy"
        >
          <div
            class="css-cet0rr"
          >
            <div
              class="Dropdown__Dropdown___1qyn8"
              data-test-id="cf-ui-dropdown"
              position="bottom-left"
            >
              <button
                class="TextLink__TextLink___1biUr a11y__focus-outline--default___2hwb1 TextLink__TextLink--primary___2Vc9F"
                data-test-id="cf-ui-text-link"
                type="button"
              >
                <span
                  class="TabFocusTrap__TabFocusTrap___39Vty"
                  tabindex="-1"
                >
                  <div
                    class="TextLink__TextLink__icon-wrapper___25_tI"
                  >
                    <svg
                      class="Icon__Icon___38Epv TextLink__TextLink__icon___3ggiB Icon__Icon--small___1yGZK undefined"
                      data-test-id="cf-ui-icon"
                      height="18"
                      viewBox="0 0 24 24"
                      width="18"
                      xmlns="http://www.w3.org/2000/svg"
                    >
                      <path
                        d="M19 13h-6v6h-2v-6H5v-2h6V5h2v6h6v2z"
                      />
                      <path
                        d="M0 0h24v24H0z"
                        fill="none"
                      />
                    </svg>
                  </div>
                  Create entry and link
                </span>
              </button>
            </div>
          </div>
          <div
            class="css-cet0rr"
          >
            <button
              class="TextLink__TextLink___1biUr a11y__focus-outline--default___2hwb1 TextLink__TextLink--primary___2Vc9F"
              data-test-id="cf-ui-text-link"
              type="button"
            >
              <span
                class="TabFocusTrap__TabFocusTrap___39Vty"
                tabindex="-1"
              >
                <div
                  class="TextLink__TextLink__icon-wrapper___25_tI"
                >
                  <svg
                    class="Icon__Icon___38Epv TextLink__TextLink__icon___3ggiB Icon__Icon--small___1yGZK undefined"
                    data-test-id="cf-ui-icon"
                    height="18"
                    viewBox="0 0 24 24"
                    width="18"
                    xmlns="http://www.w3.org/2000/svg"
                  >
                    <path
                      d="M0 0h24v24H0z"
                      fill="none"
                    />
                    <path
                      d="M3.9 12c0-1.71 1.39-3.1 3.1-3.1h4V7H7c-2.76 0-5 2.24-5 5s2.24 5 5 5h4v-1.9H7c-1.71 0-3.1-1.39-3.1-3.1zM8 13h8v-2H8v2zm9-6h-4v1.9h4c1.71 0 3.1 1.39 3.1 3.1s-1.39 3.1-3.1 3.1h-4V17h4c2.76 0 5-2.24 5-5s-2.24-5-5-5z"
                    />
                  </svg>
                </div>
                Link an existing entry
              </span>
            </button>
          </div>
        </div>
      </div>
      <div
        class="css-i51og3"
      >
        <h2
          class="Subheading__Subheading___2mA9j css-f6z6nw"
          data-test-id="cf-ui-subheading"
        >
          variation_2
           
          <small>
            (
            50
            % of traffic)
          </small>
        </h2>
        <div
          class="css-15g2oxy"
        >
          <div
            class="css-cet0rr"
          >
            <div
              class="Dropdown__Dropdown___1qyn8"
              data-test-id="cf-ui-dropdown"
              position="bottom-left"
            >
              <button
                class="TextLink__TextLink___1biUr a11y__focus-outline--default___2hwb1 TextLink__TextLink--primary___2Vc9F"
                data-test-id="cf-ui-text-link"
                type="button"
              >
                <span
                  class="TabFocusTrap__TabFocusTrap___39Vty"
                  tabindex="-1"
                >
                  <div
                    class="TextLink__TextLink__icon-wrapper___25_tI"
                  >
                    <svg
                      class="Icon__Icon___38Epv TextLink__TextLink__icon___3ggiB Icon__Icon--small___1yGZK undefined"
                      data-test-id="cf-ui-icon"
                      height="18"
                      viewBox="0 0 24 24"
                      width="18"
                      xmlns="http://www.w3.org/2000/svg"
                    >
                      <path
                        d="M19 13h-6v6h-2v-6H5v-2h6V5h2v6h6v2z"
                      />
                      <path
                        d="M0 0h24v24H0z"
                        fill="none"
                      />
                    </svg>
                  </div>
                  Create entry and link
                </span>
              </button>
            </div>
          </div>
          <div
            class="css-cet0rr"
          >
            <button
              class="TextLink__TextLink___1biUr a11y__focus-outline--default___2hwb1 TextLink__TextLink--primary___2Vc9F"
              data-test-id="cf-ui-text-link"
              type="button"
            >
              <span
                class="TabFocusTrap__TabFocusTrap___39Vty"
                tabindex="-1"
              >
                <div
                  class="TextLink__TextLink__icon-wrapper___25_tI"
                >
                  <svg
                    class="Icon__Icon___38Epv TextLink__TextLink__icon___3ggiB Icon__Icon--small___1yGZK undefined"
                    data-test-id="cf-ui-icon"
                    height="18"
                    viewBox="0 0 24 24"
                    width="18"
                    xmlns="http://www.w3.org/2000/svg"
                  >
                    <path
                      d="M0 0h24v24H0z"
                      fill="none"
                    />
                    <path
                      d="M3.9 12c0-1.71 1.39-3.1 3.1-3.1h4V7H7c-2.76 0-5 2.24-5 5s2.24 5 5 5h4v-1.9H7c-1.71 0-3.1-1.39-3.1-3.1zM8 13h8v-2H8v2zm9-6h-4v1.9h4c1.71 0 3.1 1.39 3.1 3.1s-1.39 3.1-3.1 3.1h-4V17h4c2.76 0 5-2.24 5-5s-2.24-5-5-5z"
                    />
                  </svg>
                </div>
                Link an existing entry
              </span>
            </button>
          </div>
        </div>
      </div>
    </div>
  </div>
</div>
`;

exports[`EditorPage should show the preemtive reconnect warning box 1`] = `
<a
  class="css-1lglquy"
  data-test-id="preemptive-connect"
>
  connect with Optimizely.
</a>
`;

exports[`EditorPage should show the reauth modal when no client is available 1`] = `
<p
  class="Paragraph__Paragraph___2aO-9 css-acwcvw"
  data-test-id="reconnect-optimizely"
>
  Your Optimizely session has expired. Reconnect to continue editing.
</p>
`;
